30: (function () 
    {
        traceback(2)
        quit(save = "no", status = 1, runLast = FALSE)
    })()
29: stop(fallback)
28: signal_abort(cnd, .file)
27: rlang::abort(message, ..., call = call, use_cli_format = TRUE, 
        .frame = .frame)
26: cli::cli_abort(c("Problem while {step}.", i = "Error occurred in the {ordinal(i)} layer."), 
        call = layers[[i]]$constructor, parent = cnd)
25: handlers[[1L]](cnd)
24: h(simpleError(msg, call))
23: .handleSimpleError(function (cnd) 
    {
        {
            .__handler_frame__. <- TRUE
            .__setup_frame__. <- frame
            if (inherits(cnd, "message")) {
                except <- c("warning", "error")
            }
            else if (inherits(cnd, "warning")) {
                except <- "error"
            }
            else {
                except <- ""
            }
        }
        while (!is_null(cnd)) {
            if (inherits(cnd, "error")) {
                out <- handlers[[1L]](cnd)
                if (!inherits(out, "rlang_zap")) 
                    throw(out)
            }
            inherit <- .subset2(.subset2(cnd, "rlang"), "inherit")
            if (is_false(inherit)) {
                return()
            }
            cnd <- .subset2(cnd, "parent")
        }
    }, "object 'NES' not found", base::quote(NULL))
22: FUN(X[[i]], ...)
21: lapply(aesthetics, eval_tidy, data = data, env = env)
20: eval_aesthetics(aesthetics, data)
19: compute_aesthetics(..., self = self)
18: l$compute_aesthetics(d, plot)
17: f(l = layers[[i]], d = data[[i]])
16: withCallingHandlers(expr, condition = function(cnd) {
        {
            .__handler_frame__. <- TRUE
            .__setup_frame__. <- frame
            if (inherits(cnd, "message")) {
                except <- c("warning", "error")
            }
            else if (inherits(cnd, "warning")) {
                except <- "error"
            }
            else {
                except <- ""
            }
        }
        while (!is_null(cnd)) {
            if (inherits(cnd, "error")) {
                out <- handlers[[1L]](cnd)
                if (!inherits(out, "rlang_zap")) 
                    throw(out)
            }
            inherit <- .subset2(.subset2(cnd, "rlang"), "inherit")
            if (is_false(inherit)) {
                return()
            }
            cnd <- .subset2(cnd, "parent")
        }
    })
15: doTryCatch(return(expr), name, parentenv, handler)
14: tryCatchOne(expr, names, parentenv, handlers[[1L]])
13: tryCatchList(expr, classes, parentenv, handlers)
12: tryCatch(withCallingHandlers(expr, condition = function(cnd) {
        {
            .__handler_frame__. <- TRUE
            .__setup_frame__. <- frame
            if (inherits(cnd, "message")) {
                except <- c("warning", "error")
            }
            else if (inherits(cnd, "warning")) {
                except <- "error"
            }
            else {
                except <- ""
            }
        }
        while (!is_null(cnd)) {
            if (inherits(cnd, "error")) {
                out <- handlers[[1L]](cnd)
                if (!inherits(out, "rlang_zap")) 
                    throw(out)
            }
            inherit <- .subset2(.subset2(cnd, "rlang"), "inherit")
            if (is_false(inherit)) {
                return()
            }
            cnd <- .subset2(cnd, "parent")
        }
    }), stackOverflowError = handlers[[1L]])
11: try_fetch(for (i in seq_along(data)) {
        out[[i]] <- f(l = layers[[i]], d = data[[i]])
    }, error = function(cnd) {
        cli::cli_abort(c("Problem while {step}.", i = "Error occurred in the {ordinal(i)} layer."), 
            call = layers[[i]]$constructor, parent = cnd)
    })
10: by_layer(function(l, d) l$compute_aesthetics(d, plot), layers, 
        data, "computing aesthetics")
9: `ggplot_build.ggplot2::ggplot`(x)
8: ggplot_build(x)
7: `print.ggplot2::ggplot`(x)
6: print(x)
5: `grid.draw.ggplot2::ggplot`(X[[i]], ...)
4: FUN(X[[i]], ...)
3: lapply(plot, grid.draw)
2: ggsave(figures[["e"]], plot_dot(ks, figures[["e"]]), width = 8, 
       height = 5)
1: control_spatial_identity_main()
